[html.templines.com/academica/index.html]
[html.templines.com/academica/assets/css/index.css]
[html.templines.com/academica/assets/css/master.css]
[backblue.gif]
[fade.gif]
[index.html]
[html.templines.com/academica/assets/media/demo-page/paralax.jpg]
[html.templines.com/academica/assets/plugins/jquery/jquery-1.11.3.min.js]
[html.templines.com/academica/index-2.html]
[html.templines.com/academica/assets/img/logo_white.png]
[html.templines.com/academica/home-1.html]
[html.templines.com/academica/assets/media/preview/01_home-1.jpg]
[html.templines.com/academica/home-2.html]
[html.templines.com/academica/assets/media/preview/02_home-2.jpg]
[html.templines.com/academica/home-3.html]
[html.templines.com/academica/assets/media/preview/03_home-3.jpg]
[html.templines.com/academica/courses-category.html]
[html.templines.com/academica/assets/media/preview/04_courses-category.jpg]
[html.templines.com/academica/course-details.html]
[html.templines.com/academica/assets/media/preview/08_course-details.jpg]
[html.templines.com/academica/courses-1.html]
[html.templines.com/academica/assets/media/preview/05_courses-1.jpg]
[html.templines.com/academica/courses-2.html]
[html.templines.com/academica/assets/media/preview/06_courses-2.jpg]
[html.templines.com/academica/courses-3.html]
[html.templines.com/academica/assets/media/preview/07_courses-3.jpg]
[html.templines.com/academica/blog-1.html]
[html.templines.com/academica/assets/media/preview/10_blog-1.jpg]
[html.templines.com/academica/blog-post.html]
[html.templines.com/academica/assets/media/preview/11_blog-post.jpg]
[html.templines.com/academica/instructors.html]
[html.templines.com/academica/assets/media/preview/09_instructors.jpg]
[html.templines.com/academica/about.html]
[html.templines.com/academica/assets/media/preview/12_about.jpg]
[html.templines.com/academica/contact.html]
[html.templines.com/academica/assets/media/preview/13_contact.jpg]
[html.templines.com/academica/assets/js/jquery-migrate-1.2.1.js]
[html.templines.com/academica/assets/plugins/bootstrap/js/bootstrap.min.js]
[html.templines.com/academica/assets/js/modernizr.custom.js]
[html.templines.com/academica/assets/plugins/isotope/jquery.isotope.min.js]
[html.templines.com/academica/assets/plugins/owl-carousel/owl.carousel.min.js]
[html.templines.com/academica/assets/js/waypoints.min.js]
[html.templines.com/academica/assets/plugins/prettyphoto/js/jquery.prettyPhoto.js]
[cdnjs.cloudflare.com/ajax/libs/jquery-easing/1.3/jquery.easing.min.js]
[html.templines.com/academica/assets/plugins/jelect/jquery.jelect.js]
[html.templines.com/academica/assets/plugins/nouislider/jquery.nouislider.all.min.js]
[html.templines.com/academica/assets/js/cssua.min.js]
[html.templines.com/academica/assets/js/wow.min.js]
[html.templines.com/academica/index.html]
[html.templines.com/academica/assets/js/custom.js]
[html.templines.com/academica/assets/media/demo-page/mac.png]
[html.templines.com/academica/assets/css/index.css]
[html.templines.com/academica/assets/fonts/font-awesome/css/font-awesome.min.css]
[html.templines.com/academica/assets/plugins/sliderpro/css/slider-pro.css]
[html.templines.com/academica/assets/fonts/stroke/style.css]
[html.templines.com/academica/assets/plugins/bootstrap/css/bootstrap.css]
[html.templines.com/academica/assets/plugins/isotope/isotope.css]
[html.templines.com/academica/assets/plugins/validation/validation-2.2.min.css]
[html.templines.com/academica/assets/plugins/owl-carousel/owl.carousel.css]
[html.templines.com/academica/assets/plugins/owl-carousel/owl.transitions.css]
[html.templines.com/academica/assets/plugins/owl-carousel/owl.theme.css]
[html.templines.com/academica/assets/plugins/prettyphoto/css/prettyPhoto.css]
[html.templines.com/academica/assets/plugins/yamm/yamm.css]
[html.templines.com/academica/assets/plugins/datetimepicker/jquery.datetimepicker.css]
[html.templines.com/academica/assets/plugins/animate/animate.css]
[html.templines.com/academica/assets/plugins/jelect/main.css]
[html.templines.com/academica/assets/css/theme.css]
[html.templines.com/academica/assets/css/sidebar.css]
[html.templines.com/academica/assets/css/blog.css]
[html.templines.com/academica/assets/css/responsive.css]
[html.templines.com/academica/assets/css/color.css]
[html.templines.com/academica/assets/css/master.css]
[html.templines.com/academica/assets/plugins/jquery/jquery-1.11.3.min.js]
[html.templines.com/academica/index-2.html]
[html.templines.com/academica/favicon.png]
[html.templines.com/academica/assets/plugins/switcher/css/switcher.css]
[html.templines.com/academica/assets/plugins/switcher/css/color2.css]
[html.templines.com/academica/assets/plugins/switcher/css/color3.css]
[html.templines.com/academica/assets/plugins/switcher/css/color4.css]
[html.templines.com/academica/assets/plugins/switcher/css/color5.css]
[html.templines.com/academica/assets/img/logo.png]
[html.templines.com/academica/assets/media/main-slider/1.jpg]
[html.templines.com/academica/assets/media/main-slider/2.jpg]
[html.templines.com/academica/assets/media/posts/250x250/1.jpg]
[html.templines.com/academica/assets/media/posts/250x250/2.jpg]
[html.templines.com/academica/assets/media/posts/250x250/3.jpg]
[html.templines.com/academica/assets/media/posts/250x250/4.jpg]
[html.templines.com/academica/assets/media/posts/370x220/1.jpg]
[html.templines.com/academica/assets/media/posts/370x220/2.jpg]
[html.templines.com/academica/assets/media/posts/370x220/3.jpg]
[html.templines.com/academica/assets/media/avatar_review/1.jpg]
[html.templines.com/academica/assets/media/avatar_review/2.jpg]
[html.templines.com/academica/assets/media/avatar_review/3.jpg]
[html.templines.com/academica/assets/media/clients/1.jpg]
[html.templines.com/academica/assets/media/clients/2.jpg]
[html.templines.com/academica/assets/media/clients/3.jpg]
[html.templines.com/academica/assets/media/clients/4.jpg]
[html.templines.com/academica/assets/media/clients/5.jpg]
[html.templines.com/academica/assets/plugins/sliderpro/js/jquery.sliderPro.min.js]
[html.templines.com/academica/assets/plugins/datetimepicker/jquery.datetimepicker.js]
[html.templines.com/academica/assets/plugins/rendro-easy-pie-chart/dist/jquery.easypiechart.min.js]
[html.templines.com/academica/assets/js/custom.min.js]
[html.templines.com/academica/assets/plugins/switcher/js/bootstrap-select.js]
[html.templines.com/academica/home-1.html]
[html.templines.com/academica/assets/plugins/switcher/js/dmss.js]
[html.templines.com/academica/assets/media/posts/370x250/1.jpg]
[html.templines.com/academica/assets/media/posts/370x250/2.jpg]
[html.templines.com/academica/assets/media/posts/370x250/3.jpg]
[html.templines.com/academica/assets/media/posts/250x240/1.jpg]
[html.templines.com/academica/assets/media/posts/250x240/2.jpg]
[html.templines.com/academica/assets/media/staff/1.jpg]
[html.templines.com/academica/assets/media/staff/2.jpg]
[html.templines.com/academica/assets/media/staff/3.jpg]
[html.templines.com/academica/assets/media/staff/4.jpg]
[html.templines.com/academica/assets/media/isotope/1.jpg]
[html.templines.com/academica/assets/media/isotope/2.jpg]
[html.templines.com/academica/assets/media/isotope/3.jpg]
[html.templines.com/academica/assets/media/isotope/4.jpg]
[html.templines.com/academica/assets/media/posts/160x125/1.jpg]
[html.templines.com/academica/assets/media/posts/100x90/1.jpg]
[html.templines.com/academica/assets/media/posts/100x90/2.jpg]
[html.templines.com/academica/home-2.html]
[html.templines.com/academica/assets/img/logo_transparent.png]
[html.templines.com/academica/home-3.html]
[html.templines.com/academica/assets/media/posts/370x250/5.jpg]
[html.templines.com/academica/assets/media/posts/370x250/6.jpg]
[html.templines.com/academica/assets/media/posts/370x250/7.jpg]
[html.templines.com/academica/assets/media/posts/370x250/8.jpg]
[html.templines.com/academica/assets/media/posts/370x250/4.jpg]
[html.templines.com/academica/courses-category.html]
[html.templines.com/academica/assets/media/750x480/1.jpg]
[html.templines.com/academica/assets/media/video-bg/1.jpg]
[html.templines.com/academica/assets/media/avatar_instructor/1.jpg]
[html.templines.com/academica/assets/img/social.png]
[html.templines.com/academica/assets/media/posts/90x90/1.jpg]
[html.templines.com/academica/assets/media/posts/90x90/2.jpg]
[html.templines.com/academica/assets/media/posts/90x90/3.jpg]
[html.templines.com/academica/course-details.html]
[html.templines.com/academica/assets/media/posts/370x250/13.jpg]
[html.templines.com/academica/assets/media/posts/370x250/14.jpg]
[html.templines.com/academica/assets/media/posts/370x250/15.jpg]
[html.templines.com/academica/assets/media/posts/370x250/16.jpg]
[html.templines.com/academica/assets/media/posts/370x250/17.jpg]
[html.templines.com/academica/assets/media/posts/370x250/18.jpg]
[html.templines.com/academica/assets/media/posts/370x250/19.jpg]
[html.templines.com/academica/assets/media/posts/370x250/20.jpg]
[html.templines.com/academica/courses-1.html]
[html.templines.com/academica/assets/media/posts/250x250/5.jpg]
[html.templines.com/academica/assets/media/posts/250x250/6.jpg]
[html.templines.com/academica/courses-2.html]
[html.templines.com/academica/assets/media/posts/250x250/7.jpg]
[html.templines.com/academica/assets/media/posts/250x250/9.jpg]
[html.templines.com/academica/assets/media/posts/250x250/8.jpg]
[html.templines.com/academica/courses-3.html]
[html.templines.com/academica/assets/media/posts/760x320/1.jpg]
[html.templines.com/academica/assets/media/posts/760x320/2.jpg]
[html.templines.com/academica/assets/media/posts/760x320/3.jpg]
[html.templines.com/academica/assets/media/posts/760x320/4.jpg]
[html.templines.com/academica/assets/media/posts/90x80/1.jpg]
[html.templines.com/academica/assets/media/posts/90x80/2.jpg]
[html.templines.com/academica/assets/media/posts/90x80/3.jpg]
[html.templines.com/academica/blog-1.html]
[html.templines.com/academica/assets/img/share.jpg]
[html.templines.com/academica/assets/media/avatar_about-autor/1.jpg]
[html.templines.com/academica/assets/media/avatar_comments/2.jpg]
[html.templines.com/academica/assets/media/avatar_comments/1.jpg]
[html.templines.com/academica/blog-post.html]
[html.templines.com/academica/assets/media/staff/7.jpg]
[html.templines.com/academica/assets/media/staff/5.jpg]
[html.templines.com/academica/assets/media/staff/6.jpg]
[html.templines.com/academica/assets/media/staff/8.jpg]
[html.templines.com/academica/instructors.html]
[html.templines.com/academica/assets/media/about/670x350/1.jpg]
[html.templines.com/academica/assets/media/about/320x200/1.jpg]
[html.templines.com/academica/assets/media/about/320x200/2.jpg]
[html.templines.com/academica/assets/media/posts/113x113/1.jpg]
[html.templines.com/academica/about.html]
[html.templines.com/academica/assets/img/map.jpg]
[html.templines.com/academica/assets/media/support/1.jpg]
[html.templines.com/academica/contact.html]
[html.templines.com/academica/assets/js/jquery-migrate-1.2.1.js]
[html.templines.com/academica/assets/plugins/bootstrap/js/bootstrap.min.js]
[html.templines.com/academica/assets/js/modernizr.custom.js]
[html.templines.com/academica/assets/plugins/isotope/jquery.isotope.min.js]
[html.templines.com/academica/assets/plugins/owl-carousel/owl.carousel.min.js]
[html.templines.com/academica/assets/js/waypoints.min.js]
[html.templines.com/academica/assets/plugins/prettyphoto/js/jquery.prettyPhoto.js]
[html.templines.com/academica/assets/plugins/jelect/jquery.jelect.js]
[html.templines.com/academica/assets/plugins/nouislider/jquery.nouislider.all.min.js]
[html.templines.com/academica/assets/js/cssua.min.js]
[html.templines.com/academica/assets/js/wow.min.js]
[html.templines.com/academica/assets/js/custom.js]
[html.templines.com/academica/assets/fonts/font-awesome/fonts/fontawesome-webfont93e3.eot]
[html.templines.com/academica/assets/fonts/font-awesome/fonts/fontawesome-webfontd41d.eot]
[html.templines.com/academica/assets/fonts/font-awesome/fonts/fontawesome-webfont93e3.woff2]
[html.templines.com/academica/assets/fonts/font-awesome/fonts/fontawesome-webfont93e3.woff]
[html.templines.com/academica/assets/fonts/font-awesome/fonts/fontawesome-webfont93e3.ttf]
[html.templines.com/academica/assets/fonts/font-awesome/css/font-awesome.min.css]
[html.templines.com/academica/assets/fonts/stroke/fonts/Stroke-Gap-Icons.eot]
[html.templines.com/academica/assets/fonts/font-awesome/fonts/fontawesome-webfont93e3.svg]
[html.templines.com/academica/assets/fonts/stroke/style.css]
[html.templines.com/academica/assets/plugins/sliderpro/css/images/openhand.cur]
[html.templines.com/academica/assets/plugins/sliderpro/css/images/closedhand.cur]
[html.templines.com/academica/assets/plugins/sliderpro/css/slider-pro.css]
[html.templines.com/academica/assets/plugins/bootstrap/css/bootstrap.css]
[html.templines.com/academica/assets/plugins/isotope/isotope.css]
[html.templines.com/academica/assets/plugins/validation/captchaoverlay.png]
[html.templines.com/academica/assets/plugins/validation/validation-2.2.min.css]
[html.templines.com/academica/assets/plugins/owl-carousel/grabbing.png]
[html.templines.com/academica/assets/plugins/owl-carousel/owl.carousel.css]
[html.templines.com/academica/assets/plugins/owl-carousel/owl.transitions.css]
[html.templines.com/academica/assets/plugins/owl-carousel/AjaxLoader.gif]
[html.templines.com/academica/assets/plugins/owl-carousel/owl.theme.css]
[html.templines.com/academica/assets/plugins/prettyphoto/css/prettyPhoto.css]
[html.templines.com/academica/assets/plugins/yamm/yamm.css]
[html.templines.com/academica/assets/plugins/datetimepicker/jquery.datetimepicker.css]
[html.templines.com/academica/assets/plugins/animate/animate.css]
[html.templines.com/academica/assets/plugins/jelect/main.css]
[html.templines.com/academica/assets/media/backgrounds/title-bg.jpg]
[html.templines.com/academica/assets/media/backgrounds/3.jpg]
[html.templines.com/academica/assets/media/backgrounds/1.jpg]
[html.templines.com/academica/assets/media/backgrounds/2.jpg]
[html.templines.com/academica/assets/media/backgrounds/4.jpg]
[html.templines.com/academica/assets/media/backgrounds/5.png]
[html.templines.com/academica/assets/media/backgrounds/6.png]
[html.templines.com/academica/assets/css/theme.css]
[html.templines.com/academica/assets/css/sidebar.css]
[html.templines.com/academica/assets/css/blog.css]
[html.templines.com/academica/assets/css/responsive.css]
[html.templines.com/academica/assets/css/color.css]
[html.templines.com/academica/assets/css/debugging.css]
[html.templines.com/academica/assets/plugins/switcher/css/switcher.css]
[html.templines.com/academica/assets/plugins/switcher/css/color1.css]
[html.templines.com/academica/assets/plugins/switcher/css/color2.css]
[html.templines.com/academica/assets/plugins/switcher/css/color3.css]
[html.templines.com/academica/assets/plugins/switcher/css/color4.css]
[html.templines.com/academica/assets/plugins/switcher/css/color5.css]
[html.templines.com/academica/home.html]
[a.vimeocdn.com/js/froogaloop2.min.js]
[html.templines.com/academica/assets/plugins/sliderpro/js/jquery.sliderPro.min.js]
[html.templines.com/academica/assets/plugins/datetimepicker/jquery.datetimepicker.js]
[html.templines.com/academica/assets/plugins/rendro-easy-pie-chart/dist/jquery.easypiechart.min.js]
[html.templines.com/academica/assets/js/custom.min.js]
[html.templines.com/academica/assets/plugins/switcher/js/bootstrap-select.js]
[html.templines.com/academica/assets/plugins/switcher/js/dmss.js]
[html.templines.com/academica/Popover requires tooltip.html]
[html.templines.com/academica/youtu.be/index.html]
[html.templines.com/academica/assets/fonts/font-awesome/fonts/fontawesome-webfont93e3.svg]
[html.templines.com/academica/assets/plugins/prettyphoto/images/prettyPhoto/default/sprite.html]
[html.templines.com/academica/assets/plugins/prettyphoto/images/prettyPhoto/default/sprite_x.html]
[html.templines.com/academica/assets/plugins/prettyphoto/images/prettyPhoto/default/sprite_y.html]
[html.templines.com/academica/assets/plugins/prettyphoto/images/prettyPhoto/default/sprite_next.html]
[html.templines.com/academica/assets/plugins/prettyphoto/images/prettyPhoto/default/sprite_prev.html]
[html.templines.com/academica/assets/plugins/prettyphoto/images/prettyPhoto/default/default_thumb.html]
[html.templines.com/academica/assets/plugins/prettyphoto/images/prettyPhoto/default/loader.html]
[html.templines.com/academica/assets/plugins/prettyphoto/images/prettyPhoto/light_rounded/sprite.html]
[html.templines.com/academica/assets/plugins/prettyphoto/images/prettyPhoto/light_rounded/btnNext.html]
[html.templines.com/academica/assets/plugins/prettyphoto/images/prettyPhoto/light_rounded/btnPrevious.html]
[html.templines.com/academica/assets/plugins/prettyphoto/images/prettyPhoto/dark_rounded/sprite.html]
[html.templines.com/academica/assets/plugins/prettyphoto/images/prettyPhoto/dark_rounded/contentPattern.html]
[html.templines.com/academica/assets/plugins/prettyphoto/images/prettyPhoto/dark_rounded/btnNext.html]
[html.templines.com/academica/assets/plugins/prettyphoto/images/prettyPhoto/dark_rounded/btnPrevious.html]
[html.templines.com/academica/assets/plugins/prettyphoto/images/prettyPhoto/dark_rounded/loader.html]
[html.templines.com/academica/assets/plugins/prettyphoto/images/prettyPhoto/dark_square/loader.html]
[html.templines.com/academica/assets/plugins/prettyphoto/images/prettyPhoto/dark_square/sprite.html]
[html.templines.com/academica/assets/plugins/prettyphoto/images/prettyPhoto/dark_square/btnNext.html]
[html.templines.com/academica/assets/plugins/prettyphoto/images/prettyPhoto/dark_square/btnPrevious.html]
[html.templines.com/academica/assets/plugins/prettyphoto/images/prettyPhoto/light_square/sprite.html]
[html.templines.com/academica/assets/plugins/prettyphoto/images/prettyPhoto/light_square/btnNext.html]
[html.templines.com/academica/assets/plugins/prettyphoto/images/prettyPhoto/light_square/btnPrevious.html]
[html.templines.com/academica/assets/plugins/prettyphoto/images/prettyPhoto/facebook/sprite.html]
[html.templines.com/academica/assets/plugins/prettyphoto/images/prettyPhoto/facebook/contentPatternTop.html]
[html.templines.com/academica/assets/plugins/prettyphoto/images/prettyPhoto/facebook/contentPatternLeft.html]
[html.templines.com/academica/assets/plugins/prettyphoto/images/prettyPhoto/facebook/contentPatternRight.html]
[html.templines.com/academica/assets/plugins/prettyphoto/images/prettyPhoto/facebook/loader.html]
[html.templines.com/academica/assets/plugins/prettyphoto/images/prettyPhoto/facebook/btnNext.html]
[html.templines.com/academica/assets/plugins/prettyphoto/images/prettyPhoto/facebook/btnPrevious.html]
[html.templines.com/academica/assets/plugins/prettyphoto/images/prettyPhoto/facebook/contentPatternBottom.html]
[html.templines.com/academica/assets/plugins/prettyphoto/images/prettyPhoto/facebook/default_thumbnail.html]
[html.templines.com/academica/assets/plugins/prettyphoto/images/prettyPhoto/light_rounded/loader.html]
